// Jest Snapshot v1, https://goo.gl/fbAQLP

exports[`Pruebas en <HeroScreen /> debe de mostrarse Redirect si no hay argumentos en el URL 1`] = `""`;
